[2026-09-30 08:42:52] IP: ::1 | Method: GET | Endpoint: login | User ID: guest
[2026-09-30 08:58:16] IP: ::1 | Method: POST | Endpoint: login | User ID: guest
[2026-09-30 08:59:22] IP: ::1 | Method: POST | Endpoint: login | User ID: guest
[2026-09-30 09:03:31] IP: ::1 | Method: GET | Endpoint: results | User ID: guest
[2026-09-30 09:04:08] IP: ::1 | Method: GET | Endpoint: results | User ID: guest
[2026-09-30 09:05:48] IP: ::1 | Method: POST | Endpoint: login | User ID: guest
[2026-09-30 09:07:08] IP: ::1 | Method: GET | Endpoint: login | User ID: guest
[2026-09-30 09:08:16] IP: ::1 | Method: GET | Endpoint: login | User ID: guest
[2026-09-30 09:08:19] IP: ::1 | Method: GET | Endpoint: login | User ID: guest
[2026-09-30 09:10:03] IP: ::1 | Method: POST | Endpoint: login | User ID: guest
[2026-09-30 09:12:37] IP: ::1 | Method: GET | Endpoint: results | User ID: guest
[2026-09-30 09:15:51] IP: ::1 | Method: GET | Endpoint: login | User ID: guest
[2026-09-30 09:19:00] IP: ::1 | Method: GET | Endpoint: results | User ID: guest
[2026-09-30 09:19:07] IP: ::1 | Method: GET | Endpoint: login | User ID: guest
[2026-09-30 09:44:21] IP: ::1 | Method: POST | Endpoint: login | User ID: guest
[2026-09-30 09:44:59] IP: ::1 | Method: GET | Endpoint: profile | User ID: guest
[2026-09-30 09:47:54] IP: ::1 | Method: POST | Endpoint: login | User ID: guest
[2026-09-30 09:48:19] IP: ::1 | Method: POST | Endpoint: login | User ID: guest
[2026-09-30 09:48:19] IP: ::1 | Method: GET | Endpoint: profile | User ID: guest
[2026-09-30 09:48:23] IP: ::1 | Method: GET | Endpoint: profile | User ID: guest
[2026-09-30 09:50:40] IP: ::1 | Method: GET | Endpoint: courses | User ID: guest
[2026-09-30 09:50:57] IP: ::1 | Method: GET | Endpoint: profile | User ID: guest
[2026-09-30 09:50:58] IP: ::1 | Method: GET | Endpoint: courses | User ID: guest
[2026-09-30 09:50:59] IP: ::1 | Method: GET | Endpoint: examinations | User ID: guest
[2026-09-30 09:51:05] IP: ::1 | Method: GET | Endpoint: examinations | User ID: guest
[2026-09-30 09:51:07] IP: ::1 | Method: GET | Endpoint: results | User ID: guest
[2026-09-30 09:51:30] IP: ::1 | Method: GET | Endpoint: examinations | User ID: guest
[2026-09-30 09:51:39] IP: ::1 | Method: GET | Endpoint: results | User ID: guest
[2026-09-30 09:51:59] IP: ::1 | Method: GET | Endpoint: examinations | User ID: guest
[2026-09-30 09:52:00] IP: ::1 | Method: GET | Endpoint: results | User ID: guest
[2026-09-30 09:53:38] IP: ::1 | Method: GET | Endpoint: results | User ID: guest
[2026-09-30 09:53:41] IP: ::1 | Method: GET | Endpoint: courses | User ID: guest
[2026-09-30 10:09:30] IP: ::1 | Method: GET | Endpoint: courses | User ID: guest
[2026-09-30 10:10:15] IP: ::1 | Method: POST | Endpoint: login | User ID: guest
[2026-09-30 10:10:15] IP: ::1 | Method: GET | Endpoint: profile | User ID: guest
[2026-09-30 10:10:26] IP: ::1 | Method: GET | Endpoint: courses | User ID: guest
[2026-09-30 10:10:30] IP: ::1 | Method: GET | Endpoint: examinations | User ID: guest
[2026-09-30 10:10:36] IP: ::1 | Method: GET | Endpoint: results | User ID: guest
[2026-09-30 10:11:01] IP: ::1 | Method: GET | Endpoint: results | User ID: guest
[2026-09-30 10:11:02] IP: ::1 | Method: GET | Endpoint: users | User ID: guest
[2026-09-30 10:11:11] IP: ::1 | Method: GET | Endpoint: notifications | User ID: guest
[2026-09-30 10:11:14] IP: ::1 | Method: PUT | Endpoint: notifications/1 | User ID: guest
[2026-09-30 10:11:14] IP: ::1 | Method: GET | Endpoint: notifications | User ID: guest
[2026-09-30 10:11:16] IP: ::1 | Method: PUT | Endpoint: notifications/3 | User ID: guest
[2026-09-30 10:11:16] IP: ::1 | Method: GET | Endpoint: notifications | User ID: guest
[2026-09-30 10:11:18] IP: ::1 | Method: PUT | Endpoint: notifications/4 | User ID: guest
[2026-09-30 10:11:18] IP: ::1 | Method: GET | Endpoint: notifications | User ID: guest
[2026-09-30 10:11:23] IP: ::1 | Method: GET | Endpoint: notifications | User ID: guest
[2026-09-30 10:11:24] IP: ::1 | Method: GET | Endpoint: results | User ID: guest
[2026-09-30 10:11:27] IP: ::1 | Method: GET | Endpoint: examinations | User ID: guest
[2026-09-30 10:11:29] IP: ::1 | Method: GET | Endpoint: courses | User ID: guest
[2026-09-30 10:11:33] IP: ::1 | Method: GET | Endpoint: courses | User ID: guest
[2026-09-30 10:11:42] IP: ::1 | Method: GET | Endpoint: profile | User ID: guest
[2026-09-30 10:11:45] IP: ::1 | Method: GET | Endpoint: users | User ID: guest
[2026-09-30 10:11:48] IP: ::1 | Method: GET | Endpoint: examinations | User ID: guest
[2026-09-30 10:12:06] IP: ::1 | Method: POST | Endpoint: login | User ID: guest
[2026-09-30 10:12:07] IP: ::1 | Method: GET | Endpoint: profile | User ID: guest
[2026-09-30 10:12:13] IP: ::1 | Method: GET | Endpoint: profile | User ID: guest
[2026-09-30 10:12:14] IP: ::1 | Method: GET | Endpoint: courses | User ID: guest
[2026-09-30 10:12:22] IP: ::1 | Method: GET | Endpoint: examinations | User ID: guest
[2026-09-30 10:12:31] IP: ::1 | Method: GET | Endpoint: courses | User ID: guest
[2026-09-30 10:12:34] IP: ::1 | Method: GET | Endpoint: results | User ID: guest
[2026-09-30 10:12:39] IP: ::1 | Method: GET | Endpoint: notifications | User ID: guest
[2026-09-30 10:12:40] IP: ::1 | Method: GET | Endpoint: results | User ID: guest
[2026-09-30 10:12:44] IP: ::1 | Method: GET | Endpoint: results/9 | User ID: guest
[2026-09-30 10:12:49] IP: ::1 | Method: GET | Endpoint: notifications | User ID: guest
[2026-09-30 10:12:50] IP: ::1 | Method: GET | Endpoint: profile | User ID: guest
[2026-09-30 10:12:51] IP: ::1 | Method: GET | Endpoint: results | User ID: guest
[2026-09-30 10:12:53] IP: ::1 | Method: GET | Endpoint: examinations | User ID: guest
[2026-09-30 10:12:59] IP: ::1 | Method: GET | Endpoint: courses | User ID: guest
[2026-09-30 10:13:04] IP: ::1 | Method: GET | Endpoint: examinations | User ID: guest
[2026-09-30 10:13:05] IP: ::1 | Method: GET | Endpoint: profile | User ID: guest
[2026-09-30 10:13:06] IP: ::1 | Method: GET | Endpoint: notifications | User ID: guest
[2026-09-30 10:13:07] IP: ::1 | Method: GET | Endpoint: results | User ID: guest
[2026-09-30 10:13:08] IP: ::1 | Method: GET | Endpoint: notifications | User ID: guest
[2026-09-30 10:13:11] IP: ::1 | Method: GET | Endpoint: results | User ID: guest
[2026-09-30 10:13:11] IP: ::1 | Method: GET | Endpoint: examinations | User ID: guest
[2026-09-30 10:13:12] IP: ::1 | Method: GET | Endpoint: courses | User ID: guest
[2026-09-30 10:13:13] IP: ::1 | Method: GET | Endpoint: profile | User ID: guest
[2026-09-30 10:13:32] IP: ::1 | Method: POST | Endpoint: login | User ID: guest
[2026-09-30 10:13:32] IP: ::1 | Method: GET | Endpoint: profile | User ID: guest
[2026-09-30 10:13:34] IP: ::1 | Method: GET | Endpoint: profile | User ID: guest
[2026-09-30 10:13:35] IP: ::1 | Method: GET | Endpoint: courses | User ID: guest
[2026-09-30 10:13:42] IP: ::1 | Method: GET | Endpoint: examinations | User ID: guest
[2026-09-30 10:13:46] IP: ::1 | Method: GET | Endpoint: courses | User ID: guest
[2026-09-30 10:14:01] IP: ::1 | Method: GET | Endpoint: results | User ID: guest
[2026-09-30 10:14:03] IP: ::1 | Method: GET | Endpoint: examinations | User ID: guest
[2026-09-30 10:14:05] IP: ::1 | Method: GET | Endpoint: notifications | User ID: guest
[2026-09-30 10:14:09] IP: ::1 | Method: GET | Endpoint: results | User ID: guest
[2026-09-30 10:23:32] IP: ::1 | Method: GET | Endpoint: results | User ID: guest
[2026-09-30 10:23:33] IP: ::1 | Method: GET | Endpoint: results | User ID: guest
[2026-09-30 10:23:34] IP: ::1 | Method: GET | Endpoint: results | User ID: guest
[2026-09-30 10:23:35] IP: ::1 | Method: GET | Endpoint: results | User ID: guest
[2026-09-30 10:23:37] IP: ::1 | Method: GET | Endpoint: results | User ID: guest
[2026-09-30 11:26:44] IP: ::1 | Method: GET | Endpoint: results | User ID: guest
[2026-09-30 11:26:51] IP: ::1 | Method: GET | Endpoint: results | User ID: guest
[2026-09-30 11:26:52] IP: ::1 | Method: GET | Endpoint: results | User ID: guest
[2026-09-30 11:26:56] IP: ::1 | Method: GET | Endpoint: notifications | User ID: guest
[2026-09-30 11:26:57] IP: ::1 | Method: GET | Endpoint: examinations | User ID: guest
[2026-09-30 11:26:58] IP: ::1 | Method: GET | Endpoint: results | User ID: guest
[2026-09-30 11:26:58] IP: ::1 | Method: GET | Endpoint: courses | User ID: guest
[2026-09-30 11:26:59] IP: ::1 | Method: GET | Endpoint: examinations | User ID: guest
[2026-09-30 11:26:59] IP: ::1 | Method: GET | Endpoint: courses | User ID: guest
[2026-09-30 11:27:00] IP: ::1 | Method: GET | Endpoint: profile | User ID: guest
[2026-09-30 11:27:07] IP: ::1 | Method: POST | Endpoint: login | User ID: guest
[2026-09-30 11:27:12] IP: ::1 | Method: POST | Endpoint: login | User ID: guest
[2026-09-30 11:27:12] IP: ::1 | Method: GET | Endpoint: profile | User ID: guest
[2026-09-30 11:27:14] IP: ::1 | Method: GET | Endpoint: profile | User ID: guest
[2026-09-30 11:27:15] IP: ::1 | Method: GET | Endpoint: courses | User ID: guest
[2026-09-30 11:27:26] IP: ::1 | Method: GET | Endpoint: examinations | User ID: guest
[2026-09-30 11:27:29] IP: ::1 | Method: GET | Endpoint: courses | User ID: guest
[2026-09-30 11:27:36] IP: ::1 | Method: GET | Endpoint: examinations | User ID: guest
[2026-09-30 11:27:39] IP: ::1 | Method: GET | Endpoint: results | User ID: guest
[2026-09-30 11:27:47] IP: ::1 | Method: GET | Endpoint: notifications | User ID: guest
[2026-09-30 11:27:48] IP: ::1 | Method: GET | Endpoint: notifications | User ID: guest
[2026-09-30 11:27:50] IP: ::1 | Method: GET | Endpoint: results | User ID: guest
[2026-09-30 11:27:53] IP: ::1 | Method: GET | Endpoint: examinations | User ID: guest
[2026-09-30 11:27:54] IP: ::1 | Method: GET | Endpoint: courses | User ID: guest
[2026-09-30 11:27:56] IP: ::1 | Method: GET | Endpoint: profile | User ID: guest
[2026-09-30 11:28:08] IP: ::1 | Method: POST | Endpoint: login | User ID: guest
[2026-09-30 11:28:14] IP: ::1 | Method: POST | Endpoint: login | User ID: guest
[2026-09-30 11:28:14] IP: ::1 | Method: GET | Endpoint: profile | User ID: guest
[2026-09-30 11:28:15] IP: ::1 | Method: GET | Endpoint: profile | User ID: guest
[2026-09-30 11:28:16] IP: ::1 | Method: GET | Endpoint: courses | User ID: guest
[2026-09-30 11:28:28] IP: ::1 | Method: GET | Endpoint: examinations | User ID: guest
[2026-09-30 11:28:48] IP: ::1 | Method: GET | Endpoint: examinations | User ID: guest
[2026-09-30 11:28:48] IP: ::1 | Method: GET | Endpoint: results | User ID: guest
[2026-09-30 11:29:11] IP: ::1 | Method: GET | Endpoint: profile | User ID: guest
[2026-09-30 11:29:14] IP: ::1 | Method: GET | Endpoint: examinations | User ID: guest
[2026-09-30 11:29:22] IP: ::1 | Method: GET | Endpoint: results | User ID: guest
[2026-09-30 11:29:24] IP: ::1 | Method: GET | Endpoint: examinations | User ID: guest
[2026-09-30 11:29:25] IP: ::1 | Method: GET | Endpoint: results | User ID: guest
[2026-09-30 11:29:34] IP: ::1 | Method: GET | Endpoint: courses | User ID: guest
[2026-09-30 11:29:44] IP: ::1 | Method: GET | Endpoint: examinations | User ID: guest
[2026-09-30 11:29:45] IP: ::1 | Method: GET | Endpoint: results | User ID: guest
[2026-09-30 11:29:48] IP: ::1 | Method: GET | Endpoint: courses | User ID: guest
[2026-09-30 11:29:50] IP: ::1 | Method: GET | Endpoint: results | User ID: guest
[2026-09-30 11:29:55] IP: ::1 | Method: GET | Endpoint: courses | User ID: guest
[2026-09-30 11:29:59] IP: ::1 | Method: GET | Endpoint: results | User ID: guest
[2026-09-30 11:30:21] IP: ::1 | Method: GET | Endpoint: notifications | User ID: guest
[2026-09-30 11:30:25] IP: ::1 | Method: GET | Endpoint: results | User ID: guest
[2026-09-30 11:30:26] IP: ::1 | Method: GET | Endpoint: examinations | User ID: guest
[2026-09-30 11:30:28] IP: ::1 | Method: GET | Endpoint: courses | User ID: guest
[2026-09-30 11:30:29] IP: ::1 | Method: GET | Endpoint: notifications | User ID: guest
[2026-09-30 11:30:32] IP: ::1 | Method: GET | Endpoint: profile | User ID: guest
[2026-09-30 11:30:42] IP: ::1 | Method: POST | Endpoint: login | User ID: guest
[2026-09-30 11:30:42] IP: ::1 | Method: GET | Endpoint: profile | User ID: guest
[2026-09-30 11:30:45] IP: ::1 | Method: GET | Endpoint: profile | User ID: guest
[2026-09-30 11:30:45] IP: ::1 | Method: GET | Endpoint: courses | User ID: guest
[2026-09-30 11:31:18] IP: ::1 | Method: GET | Endpoint: courses | User ID: guest
[2026-09-30 11:31:19] IP: ::1 | Method: GET | Endpoint: examinations | User ID: guest
[2026-09-30 11:31:21] IP: ::1 | Method: GET | Endpoint: results | User ID: guest
[2026-09-30 11:31:47] IP: ::1 | Method: GET | Endpoint: results | User ID: guest
[2026-09-30 11:31:47] IP: ::1 | Method: GET | Endpoint: notifications | User ID: guest
[2026-09-30 11:31:58] IP: ::1 | Method: GET | Endpoint: users | User ID: guest
[2026-09-30 11:32:05] IP: ::1 | Method: GET | Endpoint: notifications | User ID: guest
[2026-09-30 11:32:06] IP: ::1 | Method: GET | Endpoint: users | User ID: guest
[2026-09-30 11:32:07] IP: ::1 | Method: GET | Endpoint: notifications | User ID: guest
[2026-09-30 11:32:08] IP: ::1 | Method: GET | Endpoint: results | User ID: guest
[2026-09-30 11:32:09] IP: ::1 | Method: GET | Endpoint: examinations | User ID: guest
[2026-09-30 11:32:11] IP: ::1 | Method: GET | Endpoint: courses | User ID: guest
[2026-09-30 11:32:12] IP: ::1 | Method: GET | Endpoint: profile | User ID: guest
[2026-09-30 11:32:36] IP: ::1 | Method: GET | Endpoint: login | User ID: guest
[2026-09-30 11:35:25] IP: ::1 | Method: POST | Endpoint: login | User ID: guest
[2026-09-30 11:35:25] IP: ::1 | Method: GET | Endpoint: profile | User ID: guest
[2026-09-30 11:35:27] IP: ::1 | Method: GET | Endpoint: profile | User ID: guest
[2026-09-30 11:35:28] IP: ::1 | Method: GET | Endpoint: courses | User ID: guest
[2026-09-30 11:35:42] IP: ::1 | Method: GET | Endpoint: examinations | User ID: guest
[2026-09-30 11:35:53] IP: ::1 | Method: GET | Endpoint: results | User ID: guest
[2026-09-30 11:36:06] IP: ::1 | Method: GET | Endpoint: notifications | User ID: guest
[2026-09-30 11:36:09] IP: ::1 | Method: GET | Endpoint: users | User ID: guest
[2026-09-30 11:37:17] IP: ::1 | Method: POST | Endpoint: login | User ID: guest
[2026-09-30 11:37:17] IP: ::1 | Method: GET | Endpoint: profile | User ID: guest
[2026-09-30 11:37:18] IP: ::1 | Method: GET | Endpoint: courses | User ID: guest
[2026-09-30 11:37:19] IP: ::1 | Method: GET | Endpoint: examinations | User ID: guest
[2026-09-30 11:37:20] IP: ::1 | Method: GET | Endpoint: results | User ID: guest
[2026-09-30 11:37:22] IP: ::1 | Method: GET | Endpoint: courses | User ID: guest
[2026-09-30 11:38:30] IP: ::1 | Method: POST | Endpoint: users | User ID: guest
[2026-09-30 11:38:31] IP: ::1 | Method: GET | Endpoint: users | User ID: guest
[2026-09-30 11:38:36] IP: ::1 | Method: GET | Endpoint: profile | User ID: guest
[2026-09-30 11:38:47] IP: ::1 | Method: POST | Endpoint: login | User ID: guest
[2026-09-30 11:38:47] IP: ::1 | Method: GET | Endpoint: profile | User ID: guest
[2026-09-30 11:38:49] IP: ::1 | Method: GET | Endpoint: profile | User ID: guest
[2026-09-30 11:38:50] IP: ::1 | Method: GET | Endpoint: courses | User ID: guest
[2026-09-30 11:38:53] IP: ::1 | Method: GET | Endpoint: examinations | User ID: guest
[2026-09-30 11:38:56] IP: ::1 | Method: GET | Endpoint: results | User ID: guest
[2026-09-30 11:39:08] IP: ::1 | Method: GET | Endpoint: courses | User ID: guest
[2026-09-30 11:39:11] IP: ::1 | Method: GET | Endpoint: profile | User ID: guest
[2026-09-30 11:39:14] IP: ::1 | Method: GET | Endpoint: results | User ID: guest
[2026-09-30 11:39:16] IP: ::1 | Method: GET | Endpoint: profile | User ID: guest
[2026-09-30 11:39:22] IP: ::1 | Method: GET | Endpoint: examinations | User ID: guest
[2026-09-30 11:39:24] IP: ::1 | Method: GET | Endpoint: profile | User ID: guest
[2026-09-30 11:47:33] IP: ::1 | Method: GET | Endpoint: login | User ID: guest
[2026-09-30 11:47:51] IP: ::1 | Method: POST | Endpoint: login | User ID: guest
[2026-09-30 11:48:52] IP: ::1 | Method: GET | Endpoint: subjects | User ID: guest
[2026-09-30 11:49:19] IP: ::1 | Method: POST | Endpoint: login | User ID: guest
[2026-09-30 11:49:20] IP: ::1 | Method: POST | Endpoint: login | User ID: guest
[2026-09-30 11:49:39] IP: ::1 | Method: GET | Endpoint: subjects | User ID: guest
[2026-09-30 11:52:32] IP: ::1 | Method: POST | Endpoint: login | User ID: guest
[2026-09-30 11:53:22] IP: ::1 | Method: GET | Endpoint: subjects | User ID: guest
[2026-09-30 11:55:00] IP: ::1 | Method: GET | Endpoint: examinations | User ID: guest
[2026-09-30 11:55:43] IP: ::1 | Method: POST | Endpoint: login | User ID: guest
[2026-09-30 11:57:02] IP: ::1 | Method: GET | Endpoint: results | User ID: guest
[2026-09-30 11:57:39] IP: ::1 | Method: POST | Endpoint: login | User ID: guest
[2026-09-30 11:58:21] IP: ::1 | Method: GET | Endpoint: results | User ID: guest
[2026-09-30 11:59:06] IP: ::1 | Method: GET | Endpoint: examinations | User ID: guest
[2026-09-30 12:04:35] IP: ::1 | Method: POST | Endpoint: login | User ID: guest
[2026-09-30 12:04:35] IP: ::1 | Method: GET | Endpoint: profile | User ID: guest
[2026-09-30 12:04:38] IP: ::1 | Method: GET | Endpoint: profile | User ID: guest
[2026-09-30 12:04:39] IP: ::1 | Method: GET | Endpoint: courses | User ID: guest
[2026-09-30 12:04:46] IP: ::1 | Method: GET | Endpoint: examinations | User ID: guest
[2026-09-30 12:04:49] IP: ::1 | Method: GET | Endpoint: results | User ID: guest
[2026-09-30 12:04:58] IP: ::1 | Method: GET | Endpoint: notifications | User ID: guest
[2026-09-30 12:05:03] IP: ::1 | Method: GET | Endpoint: profile | User ID: guest
[2026-09-30 12:05:12] IP: ::1 | Method: POST | Endpoint: login | User ID: guest
[2026-09-30 12:05:12] IP: ::1 | Method: GET | Endpoint: profile | User ID: guest
[2026-09-30 12:05:14] IP: ::1 | Method: GET | Endpoint: profile | User ID: guest
[2026-09-30 12:06:04] IP: ::1 | Method: GET | Endpoint: profile | User ID: guest
[2026-09-30 12:06:05] IP: ::1 | Method: GET | Endpoint: courses | User ID: guest
[2026-09-30 12:06:17] IP: ::1 | Method: GET | Endpoint: examinations | User ID: guest
[2026-09-30 12:06:18] IP: ::1 | Method: GET | Endpoint: results | User ID: guest
[2026-09-30 12:06:37] IP: ::1 | Method: GET | Endpoint: results | User ID: guest
[2026-09-30 12:06:39] IP: ::1 | Method: GET | Endpoint: users | User ID: guest
[2026-09-30 12:07:08] IP: ::1 | Method: GET | Endpoint: profile | User ID: guest
[2026-09-30 12:07:16] IP: ::1 | Method: POST | Endpoint: login | User ID: guest
[2026-09-30 12:07:16] IP: ::1 | Method: GET | Endpoint: profile | User ID: guest
[2026-09-30 12:07:17] IP: ::1 | Method: GET | Endpoint: profile | User ID: guest
[2026-09-30 12:07:18] IP: ::1 | Method: GET | Endpoint: courses | User ID: guest
[2026-09-30 12:07:25] IP: ::1 | Method: GET | Endpoint: examinations | User ID: guest
[2026-09-30 12:07:32] IP: ::1 | Method: GET | Endpoint: results | User ID: guest
[2026-09-30 12:07:33] IP: ::1 | Method: GET | Endpoint: examinations | User ID: guest
[2026-09-30 12:07:35] IP: ::1 | Method: GET | Endpoint: results | User ID: guest
[2026-09-30 12:07:38] IP: ::1 | Method: GET | Endpoint: notifications | User ID: guest
[2026-09-30 12:07:41] IP: ::1 | Method: GET | Endpoint: profile | User ID: guest
[2026-09-30 12:07:50] IP: ::1 | Method: POST | Endpoint: login | User ID: guest
[2026-09-30 12:07:50] IP: ::1 | Method: GET | Endpoint: profile | User ID: guest
[2026-09-30 12:07:56] IP: ::1 | Method: GET | Endpoint: results | User ID: guest
[2026-09-30 12:07:58] IP: ::1 | Method: GET | Endpoint: examinations | User ID: guest
[2026-09-30 12:08:05] IP: ::1 | Method: GET | Endpoint: courses | User ID: guest
[2026-09-30 12:08:26] IP: ::1 | Method: POST | Endpoint: login | User ID: guest
[2026-09-30 12:08:26] IP: ::1 | Method: GET | Endpoint: profile | User ID: guest
[2026-09-30 12:08:27] IP: ::1 | Method: GET | Endpoint: users | User ID: guest
[2026-09-30 12:11:00] IP: ::1 | Method: GET | Endpoint: profile | User ID: guest
[2026-09-30 12:11:22] IP: ::1 | Method: POST | Endpoint: login | User ID: guest
[2026-09-30 12:11:22] IP: ::1 | Method: GET | Endpoint: profile | User ID: guest
[2026-09-30 12:11:25] IP: ::1 | Method: GET | Endpoint: courses | User ID: guest
[2026-09-30 12:11:26] IP: ::1 | Method: GET | Endpoint: examinations | User ID: guest
[2026-09-30 12:11:28] IP: ::1 | Method: GET | Endpoint: results | User ID: guest
[2026-09-30 12:11:34] IP: ::1 | Method: GET | Endpoint: courses | User ID: guest
[2026-09-30 12:16:12] IP: ::1 | Method: POST | Endpoint: results | User ID: guest
[2026-09-30 12:16:43] IP: ::1 | Method: POST | Endpoint: results | User ID: guest
[2026-09-30 12:17:05] IP: ::1 | Method: GET | Endpoint: courses | User ID: guest
[2026-09-30 12:17:07] IP: ::1 | Method: GET | Endpoint: results | User ID: guest
[2026-09-30 12:17:08] IP: ::1 | Method: GET | Endpoint: examinations | User ID: guest
[2026-09-30 12:17:08] IP: ::1 | Method: GET | Endpoint: courses | User ID: guest
[2026-09-30 12:17:09] IP: ::1 | Method: GET | Endpoint: profile | User ID: guest
[2026-09-30 12:17:18] IP: ::1 | Method: POST | Endpoint: login | User ID: guest
[2026-09-30 12:17:18] IP: ::1 | Method: GET | Endpoint: profile | User ID: guest
[2026-09-30 12:17:19] IP: ::1 | Method: GET | Endpoint: users | User ID: guest
[2026-09-30 12:19:18] IP: ::1 | Method: POST | Endpoint: results | User ID: guest
[2026-09-30 12:19:37] IP: ::1 | Method: POST | Endpoint: results | User ID: guest
[2026-09-30 12:20:44] IP: ::1 | Method: POST | Endpoint: users | User ID: guest
[2026-09-30 12:20:45] IP: ::1 | Method: GET | Endpoint: users | User ID: guest
[2026-09-30 12:21:07] IP: ::1 | Method: DELETE | Endpoint: users/13 | User ID: guest
[2026-09-30 12:21:07] IP: ::1 | Method: GET | Endpoint: users | User ID: guest
[2026-09-30 12:21:28] IP: ::1 | Method: GET | Endpoint: courses | User ID: guest
[2026-09-30 12:22:58] IP: ::1 | Method: GET | Endpoint: profile | User ID: guest
[2026-09-30 12:23:03] IP: ::1 | Method: GET | Endpoint: users | User ID: guest
[2026-09-30 12:27:19] IP: ::1 | Method: GET | Endpoint: courses | User ID: guest
[2026-09-30 12:27:20] IP: ::1 | Method: GET | Endpoint: subjects | User ID: guest
[2026-09-30 12:28:25] IP: ::1 | Method: GET | Endpoint: courses | User ID: guest
[2026-09-30 12:28:25] IP: ::1 | Method: GET | Endpoint: subjects | User ID: guest
[2026-09-30 12:28:25] IP: ::1 | Method: POST | Endpoint: users | User ID: guest
[2026-09-30 12:28:25] IP: ::1 | Method: POST | Endpoint: results | User ID: guest
[2026-09-30 12:28:25] IP: ::1 | Method: POST | Endpoint: results | User ID: guest
[2026-09-30 12:28:26] IP: ::1 | Method: GET | Endpoint: users | User ID: guest
[2026-09-30 12:28:31] IP: ::1 | Method: GET | Endpoint: users | User ID: guest
[2026-09-30 12:28:39] IP: ::1 | Method: DELETE | Endpoint: users/14 | User ID: guest
[2026-09-30 12:28:39] IP: ::1 | Method: GET | Endpoint: users | User ID: guest
[2026-09-30 12:28:48] IP: ::1 | Method: GET | Endpoint: profile | User ID: guest
[2026-09-30 12:28:56] IP: ::1 | Method: POST | Endpoint: login | User ID: guest
[2026-09-30 12:28:56] IP: ::1 | Method: GET | Endpoint: profile | User ID: guest
[2026-09-30 12:28:58] IP: ::1 | Method: GET | Endpoint: courses | User ID: guest
[2026-09-30 12:29:01] IP: ::1 | Method: GET | Endpoint: examinations | User ID: guest
[2026-09-30 12:29:04] IP: ::1 | Method: GET | Endpoint: results | User ID: guest
[2026-09-30 12:29:07] IP: ::1 | Method: GET | Endpoint: notifications | User ID: guest
[2026-09-30 12:29:08] IP: ::1 | Method: GET | Endpoint: notifications | User ID: guest
[2026-09-30 12:29:09] IP: ::1 | Method: GET | Endpoint: results | User ID: guest
[2026-09-30 12:29:35] IP: ::1 | Method: GET | Endpoint: notifications | User ID: guest
[2026-09-30 12:30:56] IP: ::1 | Method: GET | Endpoint: notifications | User ID: guest
[2026-09-30 12:30:57] IP: ::1 | Method: GET | Endpoint: notifications | User ID: guest
[2026-09-30 12:32:04] IP: ::1 | Method: GET | Endpoint: results | User ID: guest
[2026-09-30 12:32:08] IP: ::1 | Method: GET | Endpoint: examinations | User ID: guest
[2026-09-30 12:32:13] IP: ::1 | Method: GET | Endpoint: results | User ID: guest
[2026-09-30 12:32:15] IP: ::1 | Method: GET | Endpoint: examinations | User ID: guest
[2026-09-30 12:32:48] IP: ::1 | Method: GET | Endpoint: results | User ID: guest
[2026-09-30 12:32:49] IP: ::1 | Method: GET | Endpoint: notifications | User ID: guest
[2026-09-30 12:32:57] IP: ::1 | Method: GET | Endpoint: profile | User ID: guest
[2026-09-30 12:32:59] IP: ::1 | Method: GET | Endpoint: courses | User ID: guest
[2026-09-30 12:33:01] IP: ::1 | Method: GET | Endpoint: examinations | User ID: guest
[2026-09-30 12:33:02] IP: ::1 | Method: GET | Endpoint: results | User ID: guest
[2026-09-30 12:33:13] IP: ::1 | Method: GET | Endpoint: examinations | User ID: guest
[2026-09-30 12:33:15] IP: ::1 | Method: GET | Endpoint: results | User ID: guest
[2026-09-30 12:33:17] IP: ::1 | Method: GET | Endpoint: examinations | User ID: guest
[2026-09-30 12:33:57] IP: ::1 | Method: GET | Endpoint: results | User ID: guest
[2026-09-30 16:16:08] IP: ::1 | Method: GET | Endpoint: results | User ID: guest
[2026-09-30 16:16:09] IP: ::1 | Method: GET | Endpoint: results | User ID: guest
[2026-09-30 16:16:17] IP: ::1 | Method: GET | Endpoint: profile | User ID: guest
[2026-09-30 16:16:25] IP: ::1 | Method: POST | Endpoint: login | User ID: guest
[2026-09-30 16:16:32] IP: ::1 | Method: POST | Endpoint: login | User ID: guest
[2026-09-30 16:16:52] IP: ::1 | Method: POST | Endpoint: login | User ID: guest
[2026-09-30 16:17:46] IP: ::1 | Method: POST | Endpoint: login | User ID: guest
[2026-09-30 16:17:46] IP: ::1 | Method: GET | Endpoint: profile | User ID: guest
[2026-09-30 16:17:49] IP: ::1 | Method: GET | Endpoint: examinations | User ID: guest
[2026-09-30 16:17:51] IP: ::1 | Method: GET | Endpoint: courses | User ID: guest
[2026-09-30 16:17:53] IP: ::1 | Method: GET | Endpoint: examinations | User ID: guest
[2026-09-30 16:18:04] IP: ::1 | Method: GET | Endpoint: results | User ID: guest
[2026-09-30 16:31:48] IP: ::1 | Method: GET | Endpoint: results | User ID: guest
[2026-09-30 16:31:50] IP: ::1 | Method: GET | Endpoint: results | User ID: guest
[2026-09-30 16:31:52] IP: ::1 | Method: GET | Endpoint: examinations | User ID: guest
[2026-09-30 16:32:42] IP: ::1 | Method: GET | Endpoint: examinations | User ID: guest
[2026-09-30 16:32:43] IP: ::1 | Method: GET | Endpoint: examinations | User ID: guest
[2026-09-30 16:32:44] IP: ::1 | Method: GET | Endpoint: examinations | User ID: guest
[2026-09-30 16:32:44] IP: ::1 | Method: GET | Endpoint: examinations | User ID: guest
[2026-09-30 16:32:48] IP: ::1 | Method: GET | Endpoint: examinations | User ID: guest
[2026-09-30 16:32:48] IP: ::1 | Method: GET | Endpoint: examinations | User ID: guest
[2026-09-30 16:32:49] IP: ::1 | Method: GET | Endpoint: results | User ID: guest
[2026-09-30 16:32:50] IP: ::1 | Method: GET | Endpoint: examinations | User ID: guest
[2026-09-30 16:32:51] IP: ::1 | Method: GET | Endpoint: courses | User ID: guest
[2026-09-30 16:32:52] IP: ::1 | Method: GET | Endpoint: profile | User ID: guest
[2026-09-30 16:33:04] IP: ::1 | Method: POST | Endpoint: login | User ID: guest
[2026-09-30 16:33:05] IP: ::1 | Method: GET | Endpoint: profile | User ID: guest
[2026-09-30 16:33:07] IP: ::1 | Method: GET | Endpoint: examinations | User ID: guest
[2026-09-30 16:33:42] IP: ::1 | Method: POST | Endpoint: login | User ID: guest
[2026-09-30 16:33:42] IP: ::1 | Method: GET | Endpoint: profile | User ID: guest
[2026-09-30 16:33:43] IP: ::1 | Method: GET | Endpoint: examinations | User ID: guest
[2026-09-30 16:34:08] IP: ::1 | Method: GET | Endpoint: examinations | User ID: guest
[2026-09-30 16:40:30] IP: ::1 | Method: GET | Endpoint: profile | User ID: guest
[2026-09-30 16:40:33] IP: ::1 | Method: GET | Endpoint: courses | User ID: guest
[2026-09-30 16:40:34] IP: ::1 | Method: GET | Endpoint: examinations | User ID: guest
[2026-09-30 16:40:39] IP: ::1 | Method: GET | Endpoint: results | User ID: guest
[2026-09-30 16:40:50] IP: ::1 | Method: GET | Endpoint: results | User ID: guest
[2026-09-30 16:40:56] IP: ::1 | Method: GET | Endpoint: profile | User ID: guest
[2026-09-30 16:41:03] IP: ::1 | Method: POST | Endpoint: login | User ID: guest
[2026-09-30 16:41:04] IP: ::1 | Method: GET | Endpoint: profile | User ID: guest
[2026-09-30 16:41:06] IP: ::1 | Method: GET | Endpoint: courses | User ID: guest
[2026-09-30 16:41:07] IP: ::1 | Method: GET | Endpoint: examinations | User ID: guest
[2026-09-30 16:41:08] IP: ::1 | Method: GET | Endpoint: results | User ID: guest
[2026-09-30 16:41:12] IP: ::1 | Method: GET | Endpoint: results | User ID: guest
[2026-09-30 16:41:13] IP: ::1 | Method: GET | Endpoint: results | User ID: guest
[2026-09-30 16:41:18] IP: ::1 | Method: GET | Endpoint: examinations | User ID: guest
[2026-09-30 16:41:20] IP: ::1 | Method: GET | Endpoint: courses | User ID: guest
[2026-09-30 16:41:21] IP: ::1 | Method: GET | Endpoint: profile | User ID: guest
[2026-09-30 16:41:22] IP: ::1 | Method: GET | Endpoint: courses | User ID: guest
[2026-09-30 16:41:23] IP: ::1 | Method: GET | Endpoint: examinations | User ID: guest
[2026-09-30 16:41:27] IP: ::1 | Method: GET | Endpoint: profile | User ID: guest
[2026-09-30 16:41:38] IP: ::1 | Method: POST | Endpoint: login | User ID: guest
[2026-09-30 16:41:38] IP: ::1 | Method: GET | Endpoint: profile | User ID: guest
[2026-09-30 16:41:40] IP: ::1 | Method: GET | Endpoint: profile | User ID: guest
[2026-09-30 16:41:42] IP: ::1 | Method: GET | Endpoint: courses | User ID: guest
[2026-09-30 16:41:44] IP: ::1 | Method: GET | Endpoint: examinations | User ID: guest
[2026-09-30 16:41:45] IP: ::1 | Method: GET | Endpoint: results | User ID: guest
[2026-09-30 16:41:58] IP: ::1 | Method: GET | Endpoint: notifications | User ID: guest
[2026-09-30 16:41:59] IP: ::1 | Method: GET | Endpoint: results | User ID: guest
[2026-09-30 16:42:01] IP: ::1 | Method: GET | Endpoint: notifications | User ID: guest
[2026-09-30 16:42:02] IP: ::1 | Method: GET | Endpoint: profile | User ID: guest
[2026-09-30 16:42:20] IP: ::1 | Method: POST | Endpoint: login | User ID: guest
[2026-09-30 16:42:20] IP: ::1 | Method: GET | Endpoint: profile | User ID: guest
[2026-09-30 16:42:22] IP: ::1 | Method: GET | Endpoint: profile | User ID: guest
[2026-09-30 16:42:23] IP: ::1 | Method: GET | Endpoint: courses | User ID: guest
[2026-09-30 16:42:27] IP: ::1 | Method: GET | Endpoint: examinations | User ID: guest
[2026-09-30 16:42:30] IP: ::1 | Method: GET | Endpoint: results | User ID: guest
[2026-09-30 16:42:33] IP: ::1 | Method: GET | Endpoint: results | User ID: guest
[2026-09-30 16:42:34] IP: ::1 | Method: GET | Endpoint: notifications | User ID: guest
[2026-09-30 16:42:38] IP: ::1 | Method: GET | Endpoint: profile | User ID: guest
[2026-09-30 16:42:45] IP: ::1 | Method: POST | Endpoint: login | User ID: guest
[2026-09-30 16:42:45] IP: ::1 | Method: GET | Endpoint: profile | User ID: guest
[2026-09-30 16:42:47] IP: ::1 | Method: GET | Endpoint: users | User ID: guest
[2026-09-30 16:42:48] IP: ::1 | Method: GET | Endpoint: courses | User ID: guest
[2026-09-30 16:42:48] IP: ::1 | Method: GET | Endpoint: subjects | User ID: guest
[2026-09-30 16:43:46] IP: ::1 | Method: GET | Endpoint: courses | User ID: guest
[2026-09-30 16:43:46] IP: ::1 | Method: GET | Endpoint: subjects | User ID: guest
[2026-09-30 16:43:46] IP: ::1 | Method: POST | Endpoint: users | User ID: guest
[2026-09-30 16:43:46] IP: ::1 | Method: POST | Endpoint: results | User ID: guest
[2026-09-30 16:43:46] IP: ::1 | Method: POST | Endpoint: results | User ID: guest
[2026-09-30 16:43:46] IP: ::1 | Method: POST | Endpoint: results | User ID: guest
[2026-09-30 16:43:46] IP: ::1 | Method: GET | Endpoint: users | User ID: guest
[2026-09-30 16:44:15] IP: ::1 | Method: GET | Endpoint: users | User ID: guest
[2026-09-30 16:44:16] IP: ::1 | Method: GET | Endpoint: users | User ID: guest
[2026-09-30 16:44:17] IP: ::1 | Method: GET | Endpoint: users | User ID: guest
[2026-09-30 16:44:24] IP: ::1 | Method: GET | Endpoint: profile | User ID: guest
[2026-09-30 16:44:35] IP: ::1 | Method: POST | Endpoint: login | User ID: guest
[2026-09-30 16:44:35] IP: ::1 | Method: GET | Endpoint: profile | User ID: guest
[2026-09-30 16:44:38] IP: ::1 | Method: GET | Endpoint: profile | User ID: guest
[2026-09-30 16:44:39] IP: ::1 | Method: GET | Endpoint: courses | User ID: guest
[2026-09-30 16:44:41] IP: ::1 | Method: GET | Endpoint: examinations | User ID: guest
[2026-09-30 16:44:42] IP: ::1 | Method: GET | Endpoint: results | User ID: guest
[2026-09-30 16:44:49] IP: ::1 | Method: GET | Endpoint: examinations | User ID: guest
[2026-09-30 16:44:58] IP: ::1 | Method: GET | Endpoint: results | User ID: guest
[2026-09-30 16:44:59] IP: ::1 | Method: GET | Endpoint: results | User ID: guest
[2026-09-30 16:45:00] IP: ::1 | Method: GET | Endpoint: results | User ID: guest
[2026-09-30 16:45:12] IP: ::1 | Method: GET | Endpoint: results | User ID: guest
[2026-09-30 16:45:32] IP: ::1 | Method: GET | Endpoint: results | User ID: guest
[2026-09-30 16:51:10] IP: ::1 | Method: GET | Endpoint: results | User ID: guest
[2026-09-30 16:51:17] IP: ::1 | Method: GET | Endpoint: examinations | User ID: guest
[2026-09-30 16:51:18] IP: ::1 | Method: GET | Endpoint: results | User ID: guest
[2026-09-30 16:51:21] IP: ::1 | Method: GET | Endpoint: examinations | User ID: guest
[2026-09-30 16:51:22] IP: ::1 | Method: GET | Endpoint: results | User ID: guest
[2026-09-30 16:51:24] IP: ::1 | Method: GET | Endpoint: results | User ID: guest
[2026-09-30 16:51:28] IP: ::1 | Method: GET | Endpoint: results | User ID: guest
[2026-09-30 16:51:29] IP: ::1 | Method: GET | Endpoint: results | User ID: guest
[2026-09-30 16:51:31] IP: ::1 | Method: GET | Endpoint: notifications | User ID: guest
[2026-09-30 16:51:33] IP: ::1 | Method: GET | Endpoint: results | User ID: guest
[2026-09-30 16:51:33] IP: ::1 | Method: GET | Endpoint: results | User ID: guest
[2026-09-30 16:51:35] IP: ::1 | Method: GET | Endpoint: examinations | User ID: guest
[2026-09-30 16:51:38] IP: ::1 | Method: GET | Endpoint: results | User ID: guest
[2026-09-30 16:51:41] IP: ::1 | Method: GET | Endpoint: results | User ID: guest
[2026-09-30 16:51:42] IP: ::1 | Method: GET | Endpoint: notifications | User ID: guest
[2026-09-30 16:51:46] IP: ::1 | Method: GET | Endpoint: courses | User ID: guest
[2026-09-30 16:51:48] IP: ::1 | Method: GET | Endpoint: profile | User ID: guest
[2026-09-30 16:52:12] IP: ::1 | Method: POST | Endpoint: login | User ID: guest
[2026-09-30 16:52:12] IP: ::1 | Method: GET | Endpoint: profile | User ID: guest
[2026-09-30 16:52:14] IP: ::1 | Method: GET | Endpoint: profile | User ID: guest
[2026-09-30 16:52:14] IP: ::1 | Method: GET | Endpoint: courses | User ID: guest
[2026-09-30 16:52:15] IP: ::1 | Method: GET | Endpoint: examinations | User ID: guest
[2026-09-30 16:52:16] IP: ::1 | Method: GET | Endpoint: results | User ID: guest
[2026-09-30 16:52:21] IP: ::1 | Method: GET | Endpoint: results | User ID: guest
[2026-09-30 16:52:22] IP: ::1 | Method: GET | Endpoint: results | User ID: guest
[2026-09-30 16:52:29] IP: ::1 | Method: GET | Endpoint: results | User ID: guest
[2026-09-30 16:52:30] IP: ::1 | Method: GET | Endpoint: results | User ID: guest
[2026-09-30 16:52:31] IP: ::1 | Method: GET | Endpoint: examinations | User ID: guest
[2026-09-30 16:52:34] IP: ::1 | Method: GET | Endpoint: results | User ID: guest
[2026-09-30 16:52:38] IP: ::1 | Method: GET | Endpoint: results | User ID: guest
[2026-09-30 17:06:27] IP: ::1 | Method: POST | Endpoint: login | User ID: guest
[2026-09-30 17:07:05] IP: ::1 | Method: GET | Endpoint: results | User ID: guest
[2026-09-30 17:08:13] IP: ::1 | Method: GET | Endpoint: results | User ID: guest
[2026-09-30 17:08:27] IP: ::1 | Method: GET | Endpoint: results | User ID: guest
[2026-09-30 17:08:31] IP: ::1 | Method: GET | Endpoint: results | User ID: guest
[2026-09-30 17:08:31] IP: ::1 | Method: GET | Endpoint: results | User ID: guest
[2026-09-30 17:08:32] IP: ::1 | Method: GET | Endpoint: results | User ID: guest
[2026-09-30 17:08:36] IP: ::1 | Method: GET | Endpoint: profile | User ID: guest
[2026-09-30 17:08:44] IP: ::1 | Method: POST | Endpoint: login | User ID: guest
[2026-09-30 17:08:44] IP: ::1 | Method: GET | Endpoint: profile | User ID: guest
[2026-09-30 17:08:46] IP: ::1 | Method: GET | Endpoint: courses | User ID: guest
[2026-09-30 17:08:54] IP: ::1 | Method: GET | Endpoint: examinations | User ID: guest
[2026-09-30 17:09:21] IP: ::1 | Method: GET | Endpoint: results | User ID: guest
[2026-09-30 17:09:23] IP: ::1 | Method: GET | Endpoint: results | User ID: guest
[2026-09-30 17:09:26] IP: ::1 | Method: GET | Endpoint: results | User ID: guest
[2026-09-30 17:09:27] IP: ::1 | Method: GET | Endpoint: examinations | User ID: guest
[2026-09-30 17:09:29] IP: ::1 | Method: GET | Endpoint: courses | User ID: guest
[2026-09-30 17:11:56] IP: ::1 | Method: GET | Endpoint: profile | User ID: guest
[2026-09-30 17:12:02] IP: ::1 | Method: POST | Endpoint: login | User ID: guest
[2026-09-30 17:12:02] IP: ::1 | Method: GET | Endpoint: profile | User ID: guest
[2026-09-30 17:12:05] IP: ::1 | Method: GET | Endpoint: courses | User ID: guest
[2026-09-30 17:12:19] IP: ::1 | Method: GET | Endpoint: examinations | User ID: guest
[2026-09-30 17:13:39] IP: ::1 | Method: GET | Endpoint: results | User ID: guest
[2026-09-30 17:14:19] IP: ::1 | Method: GET | Endpoint: notifications | User ID: guest
[2026-09-30 17:15:59] IP: ::1 | Method: GET | Endpoint: profile | User ID: guest
[2026-09-30 17:16:23] IP: ::1 | Method: POST | Endpoint: login | User ID: guest
[2026-09-30 17:16:23] IP: ::1 | Method: GET | Endpoint: profile | User ID: guest
[2026-09-30 17:16:25] IP: ::1 | Method: GET | Endpoint: profile | User ID: guest
[2026-09-30 17:16:26] IP: ::1 | Method: GET | Endpoint: courses | User ID: guest
[2026-09-30 17:17:20] IP: ::1 | Method: GET | Endpoint: examinations | User ID: guest
[2026-09-30 17:17:52] IP: ::1 | Method: GET | Endpoint: examinations | User ID: guest
[2026-09-30 17:17:54] IP: ::1 | Method: GET | Endpoint: results | User ID: guest
[2026-09-30 17:18:28] IP: ::1 | Method: GET | Endpoint: results | User ID: guest
[2026-09-30 17:18:29] IP: ::1 | Method: GET | Endpoint: results | User ID: guest
[2026-09-30 17:18:33] IP: ::1 | Method: GET | Endpoint: results | User ID: guest
[2026-09-30 17:18:34] IP: ::1 | Method: GET | Endpoint: results | User ID: guest
[2026-09-30 17:18:38] IP: ::1 | Method: GET | Endpoint: examinations | User ID: guest
[2026-09-30 17:18:40] IP: ::1 | Method: GET | Endpoint: results | User ID: guest
[2026-09-30 17:18:41] IP: ::1 | Method: GET | Endpoint: results | User ID: guest
[2026-09-30 17:18:42] IP: ::1 | Method: GET | Endpoint: notifications | User ID: guest
[2026-09-30 17:18:43] IP: ::1 | Method: GET | Endpoint: results | User ID: guest
[2026-09-30 17:18:44] IP: ::1 | Method: GET | Endpoint: results | User ID: guest
[2026-09-30 17:19:57] IP: ::1 | Method: GET | Endpoint: profile | User ID: guest
[2026-09-30 17:21:06] IP: ::1 | Method: POST | Endpoint: login | User ID: guest
[2026-09-30 17:21:06] IP: ::1 | Method: GET | Endpoint: profile | User ID: guest
[2026-09-30 17:21:08] IP: ::1 | Method: GET | Endpoint: profile | User ID: guest
[2026-09-30 17:21:10] IP: ::1 | Method: GET | Endpoint: courses | User ID: guest
[2026-09-30 17:21:16] IP: ::1 | Method: GET | Endpoint: examinations | User ID: guest
[2026-09-30 17:21:19] IP: ::1 | Method: GET | Endpoint: courses | User ID: guest
[2026-09-30 17:21:20] IP: ::1 | Method: GET | Endpoint: examinations | User ID: guest
[2026-09-30 17:21:21] IP: ::1 | Method: GET | Endpoint: results | User ID: guest
[2026-09-30 17:21:30] IP: ::1 | Method: GET | Endpoint: notifications | User ID: guest
[2026-09-30 17:21:31] IP: ::1 | Method: GET | Endpoint: results | User ID: guest
[2026-09-30 17:21:32] IP: ::1 | Method: GET | Endpoint: examinations | User ID: guest
[2026-09-30 17:21:58] IP: ::1 | Method: GET | Endpoint: results | User ID: guest
[2026-09-30 17:22:02] IP: ::1 | Method: GET | Endpoint: notifications | User ID: guest
[2026-09-30 17:22:04] IP: ::1 | Method: GET | Endpoint: notifications | User ID: guest
[2026-09-30 17:22:05] IP: ::1 | Method: GET | Endpoint: results | User ID: guest
[2026-09-30 17:27:17] IP: ::1 | Method: GET | Endpoint: results | User ID: guest
[2026-09-30 17:27:18] IP: ::1 | Method: GET | Endpoint: results | User ID: guest
[2026-09-30 17:27:21] IP: ::1 | Method: GET | Endpoint: profile | User ID: guest
[2026-09-30 17:27:35] IP: ::1 | Method: POST | Endpoint: login | User ID: guest
[2026-09-30 17:27:35] IP: ::1 | Method: GET | Endpoint: profile | User ID: guest
[2026-09-30 17:27:37] IP: ::1 | Method: GET | Endpoint: profile | User ID: guest
[2026-09-30 17:27:38] IP: ::1 | Method: GET | Endpoint: courses | User ID: guest
[2026-09-30 17:27:40] IP: ::1 | Method: GET | Endpoint: examinations | User ID: guest
[2026-09-30 17:27:45] IP: ::1 | Method: GET | Endpoint: courses | User ID: guest
[2026-09-30 17:27:45] IP: ::1 | Method: GET | Endpoint: examinations | User ID: guest
[2026-09-30 17:27:46] IP: ::1 | Method: GET | Endpoint: results | User ID: guest
[2026-09-30 17:27:51] IP: ::1 | Method: GET | Endpoint: results | User ID: guest
[2026-09-30 17:27:54] IP: ::1 | Method: GET | Endpoint: notifications | User ID: guest
[2026-09-30 17:27:57] IP: ::1 | Method: GET | Endpoint: profile | User ID: guest
[2026-09-30 17:28:20] IP: ::1 | Method: GET | Endpoint: profile | User ID: guest
[2026-09-30 17:28:33] IP: ::1 | Method: POST | Endpoint: login | User ID: guest
[2026-09-30 17:28:33] IP: ::1 | Method: GET | Endpoint: profile | User ID: guest
[2026-09-30 17:28:35] IP: ::1 | Method: GET | Endpoint: courses | User ID: guest
[2026-09-30 17:28:46] IP: ::1 | Method: GET | Endpoint: examinations | User ID: guest
[2026-09-30 17:28:48] IP: ::1 | Method: GET | Endpoint: results | User ID: guest
[2026-09-30 17:28:49] IP: ::1 | Method: GET | Endpoint: results | User ID: guest
[2026-09-30 17:28:50] IP: ::1 | Method: GET | Endpoint: notifications | User ID: guest
[2026-09-30 17:30:04] IP: ::1 | Method: GET | Endpoint: profile | User ID: guest
[2026-09-30 17:30:11] IP: ::1 | Method: POST | Endpoint: login | User ID: guest
[2026-09-30 17:30:11] IP: ::1 | Method: GET | Endpoint: profile | User ID: guest
[2026-09-30 17:30:12] IP: ::1 | Method: GET | Endpoint: profile | User ID: guest
[2026-09-30 17:30:13] IP: ::1 | Method: GET | Endpoint: courses | User ID: guest
[2026-09-30 17:30:17] IP: ::1 | Method: GET | Endpoint: courses | User ID: guest
[2026-09-30 17:30:17] IP: ::1 | Method: GET | Endpoint: examinations | User ID: guest
[2026-09-30 17:30:24] IP: ::1 | Method: GET | Endpoint: examinations | User ID: guest
[2026-09-30 17:30:25] IP: ::1 | Method: GET | Endpoint: results | User ID: guest
[2026-09-30 17:30:31] IP: ::1 | Method: GET | Endpoint: results | User ID: guest
[2026-09-30 17:30:32] IP: ::1 | Method: GET | Endpoint: results | User ID: guest
[2026-09-30 17:30:33] IP: ::1 | Method: GET | Endpoint: notifications | User ID: guest
[2026-09-30 17:30:33] IP: ::1 | Method: GET | Endpoint: students | User ID: guest
[2026-09-30 17:30:57] IP: ::1 | Method: GET | Endpoint: users | User ID: guest
[2026-09-30 17:31:04] IP: ::1 | Method: GET | Endpoint: examinations | User ID: guest
[2026-09-30 17:31:05] IP: ::1 | Method: GET | Endpoint: courses | User ID: guest
[2026-09-30 17:31:07] IP: ::1 | Method: GET | Endpoint: examinations | User ID: guest
[2026-09-30 17:31:08] IP: ::1 | Method: GET | Endpoint: results | User ID: guest
[2026-09-30 17:31:09] IP: ::1 | Method: GET | Endpoint: notifications | User ID: guest
[2026-09-30 17:31:09] IP: ::1 | Method: GET | Endpoint: students | User ID: guest
[2026-09-30 17:31:17] IP: ::1 | Method: GET | Endpoint: profile | User ID: guest
[2026-09-30 17:31:27] IP: ::1 | Method: POST | Endpoint: login | User ID: guest
[2026-09-30 17:31:27] IP: ::1 | Method: GET | Endpoint: profile | User ID: guest
[2026-09-30 17:31:28] IP: ::1 | Method: GET | Endpoint: profile | User ID: guest
[2026-09-30 17:31:28] IP: ::1 | Method: GET | Endpoint: courses | User ID: guest
[2026-09-30 17:31:32] IP: ::1 | Method: GET | Endpoint: examinations | User ID: guest
[2026-09-30 17:31:33] IP: ::1 | Method: GET | Endpoint: results | User ID: guest
[2026-09-30 17:31:44] IP: ::1 | Method: GET | Endpoint: notifications | User ID: guest
[2026-09-30 17:31:44] IP: ::1 | Method: GET | Endpoint: students | User ID: guest
[2026-09-30 17:31:54] IP: ::1 | Method: GET | Endpoint: results | User ID: guest
[2026-09-30 17:32:53] IP: ::1 | Method: GET | Endpoint: courses | User ID: guest
[2026-09-30 17:33:00] IP: ::1 | Method: GET | Endpoint: profile | User ID: guest
[2026-09-30 17:33:08] IP: ::1 | Method: POST | Endpoint: login | User ID: guest
[2026-09-30 17:33:08] IP: ::1 | Method: GET | Endpoint: profile | User ID: guest
[2026-09-30 17:33:09] IP: ::1 | Method: GET | Endpoint: courses | User ID: guest
[2026-09-30 17:33:11] IP: ::1 | Method: GET | Endpoint: examinations | User ID: guest
[2026-09-30 17:33:13] IP: ::1 | Method: GET | Endpoint: results | User ID: guest
[2026-09-30 17:33:15] IP: ::1 | Method: GET | Endpoint: examinations | User ID: guest
[2026-09-30 17:33:16] IP: ::1 | Method: GET | Endpoint: courses | User ID: guest
[2026-09-30 17:33:17] IP: ::1 | Method: GET | Endpoint: examinations | User ID: guest
[2026-09-30 17:33:18] IP: ::1 | Method: GET | Endpoint: results | User ID: guest
[2026-09-30 17:33:19] IP: ::1 | Method: GET | Endpoint: results | User ID: guest
[2026-09-30 17:33:20] IP: ::1 | Method: GET | Endpoint: notifications | User ID: guest
[2026-09-30 17:33:33] IP: ::1 | Method: GET | Endpoint: courses | User ID: guest
[2026-09-30 17:33:37] IP: ::1 | Method: GET | Endpoint: profile | User ID: guest
[2026-09-30 17:33:49] IP: ::1 | Method: POST | Endpoint: login | User ID: guest
[2026-09-30 17:33:49] IP: ::1 | Method: GET | Endpoint: profile | User ID: guest
[2026-09-30 17:33:51] IP: ::1 | Method: GET | Endpoint: courses | User ID: guest
[2026-09-30 17:33:53] IP: ::1 | Method: GET | Endpoint: examinations | User ID: guest
[2026-09-30 17:33:56] IP: ::1 | Method: GET | Endpoint: courses | User ID: guest
[2026-09-30 17:33:57] IP: ::1 | Method: GET | Endpoint: examinations | User ID: guest
[2026-09-30 17:34:01] IP: ::1 | Method: GET | Endpoint: courses | User ID: guest
[2026-09-30 17:35:43] IP: ::1 | Method: GET | Endpoint: profile | User ID: guest
[2026-09-30 17:35:50] IP: ::1 | Method: POST | Endpoint: login | User ID: guest
[2026-09-30 17:35:50] IP: ::1 | Method: GET | Endpoint: profile | User ID: guest
[2026-09-30 17:35:51] IP: ::1 | Method: GET | Endpoint: users | User ID: guest
[2026-09-30 17:35:52] IP: ::1 | Method: GET | Endpoint: notifications | User ID: guest
[2026-09-30 17:35:52] IP: ::1 | Method: GET | Endpoint: students | User ID: guest
[2026-09-30 17:47:10] IP: ::1 | Method: GET | Endpoint: notifications | User ID: guest
[2026-09-30 17:47:11] IP: ::1 | Method: GET | Endpoint: students | User ID: guest
[2026-09-30 17:47:13] IP: ::1 | Method: GET | Endpoint: notifications | User ID: guest
[2026-09-30 17:47:13] IP: ::1 | Method: GET | Endpoint: students | User ID: guest
[2026-09-30 17:47:14] IP: ::1 | Method: GET | Endpoint: notifications | User ID: guest
[2026-09-30 17:47:14] IP: ::1 | Method: GET | Endpoint: students | User ID: guest
[2026-09-30 17:47:15] IP: ::1 | Method: GET | Endpoint: notifications | User ID: guest
[2026-09-30 17:47:15] IP: ::1 | Method: GET | Endpoint: students | User ID: guest
[2026-09-30 17:47:24] IP: ::1 | Method: GET | Endpoint: notifications | User ID: guest
[2026-09-30 17:47:24] IP: ::1 | Method: GET | Endpoint: students | User ID: guest
[2026-09-30 17:47:26] IP: ::1 | Method: GET | Endpoint: users | User ID: guest
[2026-09-30 17:47:27] IP: ::1 | Method: GET | Endpoint: profile | User ID: guest
[2026-09-30 17:47:37] IP: ::1 | Method: POST | Endpoint: login | User ID: guest
[2026-09-30 17:47:37] IP: ::1 | Method: GET | Endpoint: profile | User ID: guest
[2026-09-30 17:47:38] IP: ::1 | Method: GET | Endpoint: courses | User ID: guest
[2026-09-30 17:47:41] IP: ::1 | Method: GET | Endpoint: examinations | User ID: guest
[2026-09-30 17:47:42] IP: ::1 | Method: GET | Endpoint: results | User ID: guest
[2026-09-30 17:47:53] IP: ::1 | Method: GET | Endpoint: examinations | User ID: guest
[2026-09-30 17:47:54] IP: ::1 | Method: GET | Endpoint: results | User ID: guest
[2026-09-30 17:47:55] IP: ::1 | Method: GET | Endpoint: notifications | User ID: guest
[2026-09-30 17:47:55] IP: ::1 | Method: GET | Endpoint: students | User ID: guest
[2026-09-30 17:48:05] IP: ::1 | Method: GET | Endpoint: notifications | User ID: guest
[2026-09-30 17:48:05] IP: ::1 | Method: GET | Endpoint: students | User ID: guest
[2026-09-30 17:48:06] IP: ::1 | Method: GET | Endpoint: users | User ID: guest
[2026-09-30 17:48:08] IP: ::1 | Method: GET | Endpoint: notifications | User ID: guest
[2026-09-30 17:48:08] IP: ::1 | Method: GET | Endpoint: students | User ID: guest
[2026-09-30 17:48:36] IP: ::1 | Method: GET | Endpoint: profile | User ID: guest
[2026-09-30 17:48:46] IP: ::1 | Method: POST | Endpoint: login | User ID: guest
[2026-09-30 17:48:46] IP: ::1 | Method: GET | Endpoint: profile | User ID: guest
[2026-09-30 17:48:47] IP: ::1 | Method: GET | Endpoint: courses | User ID: guest
[2026-09-30 17:48:50] IP: ::1 | Method: GET | Endpoint: examinations | User ID: guest
[2026-09-30 17:48:51] IP: ::1 | Method: GET | Endpoint: results | User ID: guest
[2026-09-30 17:48:56] IP: ::1 | Method: GET | Endpoint: notifications | User ID: guest
[2026-09-30 17:48:56] IP: ::1 | Method: GET | Endpoint: students | User ID: guest
[2026-09-30 17:49:33] IP: ::1 | Method: GET | Endpoint: profile | User ID: guest
[2026-09-30 17:49:44] IP: ::1 | Method: POST | Endpoint: login | User ID: guest
[2026-09-30 17:49:44] IP: ::1 | Method: GET | Endpoint: profile | User ID: guest
[2026-09-30 17:49:46] IP: ::1 | Method: GET | Endpoint: courses | User ID: guest
[2026-09-30 17:49:48] IP: ::1 | Method: GET | Endpoint: examinations | User ID: guest
[2026-09-30 17:49:50] IP: ::1 | Method: GET | Endpoint: results | User ID: guest
[2026-09-30 17:50:04] IP: ::1 | Method: GET | Endpoint: results | User ID: guest
[2026-09-30 17:50:07] IP: ::1 | Method: GET | Endpoint: results | User ID: guest
[2026-09-30 17:50:09] IP: ::1 | Method: GET | Endpoint: results | User ID: guest
[2026-09-30 17:50:11] IP: ::1 | Method: GET | Endpoint: notifications | User ID: guest
[2026-09-30 17:50:14] IP: ::1 | Method: GET | Endpoint: profile | User ID: guest
[2026-09-30 17:50:20] IP: ::1 | Method: POST | Endpoint: login | User ID: guest
[2026-09-30 17:50:20] IP: ::1 | Method: GET | Endpoint: profile | User ID: guest
[2026-09-30 17:50:21] IP: ::1 | Method: GET | Endpoint: courses | User ID: guest
[2026-09-30 17:50:22] IP: ::1 | Method: GET | Endpoint: examinations | User ID: guest
[2026-09-30 17:50:24] IP: ::1 | Method: GET | Endpoint: results | User ID: guest
[2026-09-30 17:50:25] IP: ::1 | Method: GET | Endpoint: results | User ID: guest
[2026-09-30 17:50:26] IP: ::1 | Method: GET | Endpoint: notifications | User ID: guest
[2026-09-30 17:50:29] IP: ::1 | Method: GET | Endpoint: profile | User ID: guest
[2026-09-30 17:54:27] IP: ::1 | Method: POST | Endpoint: login | User ID: guest
[2026-09-30 17:54:27] IP: ::1 | Method: GET | Endpoint: profile | User ID: guest
[2026-09-30 17:54:29] IP: ::1 | Method: GET | Endpoint: users | User ID: guest
[2026-09-30 17:54:30] IP: ::1 | Method: GET | Endpoint: notifications | User ID: guest
[2026-09-30 17:54:30] IP: ::1 | Method: GET | Endpoint: students | User ID: guest
[2026-09-30 17:54:53] IP: ::1 | Method: POST | Endpoint: notifications | User ID: guest
[2026-09-30 17:54:53] IP: ::1 | Method: GET | Endpoint: notifications | User ID: guest
[2026-09-30 17:54:53] IP: ::1 | Method: GET | Endpoint: students | User ID: guest
[2026-09-30 17:55:17] IP: ::1 | Method: GET | Endpoint: profile | User ID: guest
[2026-09-30 17:55:24] IP: ::1 | Method: POST | Endpoint: login | User ID: guest
[2026-09-30 17:55:24] IP: ::1 | Method: GET | Endpoint: profile | User ID: guest
[2026-09-30 17:55:26] IP: ::1 | Method: GET | Endpoint: notifications | User ID: guest
[2026-09-30 17:55:26] IP: ::1 | Method: GET | Endpoint: students | User ID: guest
[2026-09-30 17:55:44] IP: ::1 | Method: POST | Endpoint: notifications | User ID: guest
[2026-09-30 17:55:44] IP: ::1 | Method: GET | Endpoint: notifications | User ID: guest
[2026-09-30 17:55:44] IP: ::1 | Method: GET | Endpoint: students | User ID: guest
[2026-09-30 17:55:56] IP: ::1 | Method: GET | Endpoint: profile | User ID: guest
[2026-09-30 17:56:05] IP: ::1 | Method: POST | Endpoint: login | User ID: guest
[2026-09-30 17:56:05] IP: ::1 | Method: GET | Endpoint: profile | User ID: guest
[2026-09-30 17:56:06] IP: ::1 | Method: GET | Endpoint: notifications | User ID: guest
[2026-09-30 17:57:06] IP: ::1 | Method: GET | Endpoint: profile | User ID: guest
[2026-09-30 17:57:18] IP: ::1 | Method: POST | Endpoint: login | User ID: guest
[2026-09-30 17:57:18] IP: ::1 | Method: GET | Endpoint: profile | User ID: guest
[2026-09-30 17:57:20] IP: ::1 | Method: GET | Endpoint: notifications | User ID: guest
[2026-09-30 17:57:28] IP: ::1 | Method: GET | Endpoint: profile | User ID: guest
[2026-09-30 17:57:40] IP: ::1 | Method: GET | Endpoint: notifications | User ID: guest
[2026-09-30 17:57:51] IP: ::1 | Method: GET | Endpoint: results | User ID: guest
[2026-09-30 17:57:52] IP: ::1 | Method: GET | Endpoint: results | User ID: guest
[2026-09-30 17:57:53] IP: ::1 | Method: GET | Endpoint: results | User ID: guest
[2026-09-30 17:58:00] IP: ::1 | Method: GET | Endpoint: notifications | User ID: guest
[2026-09-30 17:58:02] IP: ::1 | Method: GET | Endpoint: notifications | User ID: guest
[2026-09-30 17:58:12] IP: ::1 | Method: GET | Endpoint: results | User ID: guest
[2026-09-30 17:58:13] IP: ::1 | Method: GET | Endpoint: notifications | User ID: guest
[2026-09-30 17:59:27] IP: ::1 | Method: GET | Endpoint: profile | User ID: guest
[2026-09-30 17:59:34] IP: ::1 | Method: POST | Endpoint: login | User ID: guest
[2026-09-30 17:59:34] IP: ::1 | Method: GET | Endpoint: profile | User ID: guest
[2026-09-30 17:59:36] IP: ::1 | Method: GET | Endpoint: users | User ID: guest
[2026-09-30 17:59:37] IP: ::1 | Method: GET | Endpoint: notifications | User ID: guest
[2026-09-30 17:59:37] IP: ::1 | Method: GET | Endpoint: students | User ID: guest
[2026-09-30 18:02:20] IP: ::1 | Method: GET | Endpoint: notifications | User ID: guest
[2026-09-30 18:02:20] IP: ::1 | Method: GET | Endpoint: students | User ID: guest
[2026-09-30 18:02:21] IP: ::1 | Method: GET | Endpoint: notifications | User ID: guest
[2026-09-30 18:02:21] IP: ::1 | Method: GET | Endpoint: students | User ID: guest
[2026-09-30 18:03:07] IP: ::1 | Method: POST | Endpoint: notifications | User ID: guest
[2026-09-30 18:03:07] IP: ::1 | Method: GET | Endpoint: notifications | User ID: guest
[2026-09-30 18:03:07] IP: ::1 | Method: GET | Endpoint: students | User ID: guest
[2026-09-30 18:03:21] IP: ::1 | Method: GET | Endpoint: profile | User ID: guest
[2026-09-30 18:03:32] IP: ::1 | Method: POST | Endpoint: login | User ID: guest
[2026-09-30 18:03:32] IP: ::1 | Method: GET | Endpoint: profile | User ID: guest
[2026-09-30 18:03:33] IP: ::1 | Method: GET | Endpoint: notifications | User ID: guest
[2026-09-30 18:03:33] IP: ::1 | Method: GET | Endpoint: students | User ID: guest
[2026-09-30 18:03:50] IP: ::1 | Method: POST | Endpoint: notifications | User ID: guest
[2026-09-30 18:03:50] IP: ::1 | Method: GET | Endpoint: notifications | User ID: guest
[2026-09-30 18:03:50] IP: ::1 | Method: GET | Endpoint: students | User ID: guest
[2026-09-30 18:03:54] IP: ::1 | Method: GET | Endpoint: profile | User ID: guest
[2026-09-30 18:04:02] IP: ::1 | Method: POST | Endpoint: login | User ID: guest
[2026-09-30 18:04:02] IP: ::1 | Method: GET | Endpoint: profile | User ID: guest
[2026-09-30 18:04:04] IP: ::1 | Method: GET | Endpoint: notifications | User ID: guest
[2026-09-30 18:04:21] IP: ::1 | Method: GET | Endpoint: courses | User ID: guest
[2026-09-30 18:04:23] IP: ::1 | Method: GET | Endpoint: notifications | User ID: guest
[2026-09-30 18:04:31] IP: ::1 | Method: GET | Endpoint: courses | User ID: guest
[2026-09-30 18:11:05] IP: ::1 | Method: POST | Endpoint: login | User ID: guest
[2026-09-30 18:12:16] IP: ::1 | Method: GET | Endpoint: generate-qr | User ID: guest
[2026-09-30 18:14:17] IP: ::1 | Method: GET | Endpoint: notifications | User ID: guest
[2026-09-30 18:14:19] IP: ::1 | Method: GET | Endpoint: courses | User ID: guest
[2026-09-30 18:14:20] IP: ::1 | Method: GET | Endpoint: examinations | User ID: guest
[2026-09-30 18:14:21] IP: ::1 | Method: GET | Endpoint: courses | User ID: guest
[2026-09-30 18:14:22] IP: ::1 | Method: GET | Endpoint: profile | User ID: guest
[2026-09-30 18:20:59] IP: ::1 | Method: POST | Endpoint: login | User ID: guest
[2026-09-30 18:20:59] IP: ::1 | Method: GET | Endpoint: profile | User ID: guest
[2026-09-30 18:21:01] IP: ::1 | Method: GET | Endpoint: profile | User ID: guest
[2026-09-30 18:21:01] IP: ::1 | Method: GET | Endpoint: courses | User ID: guest
[2026-09-30 18:21:03] IP: ::1 | Method: GET | Endpoint: examinations | User ID: guest
[2026-09-30 18:21:04] IP: ::1 | Method: GET | Endpoint: results | User ID: guest
[2026-09-30 18:21:11] IP: ::1 | Method: GET | Endpoint: results | User ID: guest
[2026-09-30 18:21:11] IP: ::1 | Method: GET | Endpoint: generate-qr | User ID: guest
[2026-09-30 18:22:09] IP: ::1 | Method: GET | Endpoint: profile | User ID: guest
[2026-09-30 18:22:11] IP: ::1 | Method: GET | Endpoint: results | User ID: guest
[2026-09-30 18:22:12] IP: ::1 | Method: GET | Endpoint: examinations | User ID: guest
[2026-09-30 18:22:15] IP: ::1 | Method: GET | Endpoint: results | User ID: guest
[2026-09-30 18:22:19] IP: ::1 | Method: GET | Endpoint: results | User ID: guest
[2026-09-30 18:22:19] IP: ::1 | Method: GET | Endpoint: generate-qr | User ID: guest
[2026-09-30 18:22:20] IP: ::1 | Method: GET | Endpoint: results | User ID: guest
[2026-09-30 18:22:22] IP: ::1 | Method: GET | Endpoint: notifications | User ID: guest
[2026-09-30 18:22:25] IP: ::1 | Method: GET | Endpoint: profile | User ID: guest
[2026-09-30 18:22:32] IP: ::1 | Method: POST | Endpoint: login | User ID: guest
[2026-09-30 18:22:32] IP: ::1 | Method: GET | Endpoint: profile | User ID: guest
[2026-09-30 18:22:33] IP: ::1 | Method: GET | Endpoint: courses | User ID: guest
[2026-09-30 18:22:34] IP: ::1 | Method: GET | Endpoint: examinations | User ID: guest
[2026-09-30 18:22:35] IP: ::1 | Method: GET | Endpoint: results | User ID: guest
[2026-09-30 18:22:43] IP: ::1 | Method: GET | Endpoint: results | User ID: guest
[2026-09-30 18:22:43] IP: ::1 | Method: GET | Endpoint: generate-qr | User ID: guest
[2026-09-30 18:22:49] IP: ::1 | Method: GET | Endpoint: results | User ID: guest
[2026-09-30 18:22:51] IP: ::1 | Method: GET | Endpoint: results | User ID: guest
[2026-09-30 18:22:52] IP: ::1 | Method: GET | Endpoint: notifications | User ID: guest
[2026-09-30 18:22:54] IP: ::1 | Method: PUT | Endpoint: notifications/28 | User ID: guest
[2026-09-30 18:22:54] IP: ::1 | Method: GET | Endpoint: notifications | User ID: guest
[2026-09-30 18:22:55] IP: ::1 | Method: PUT | Endpoint: notifications/13 | User ID: guest
[2026-09-30 18:22:55] IP: ::1 | Method: GET | Endpoint: notifications | User ID: guest
[2026-09-30 18:22:57] IP: ::1 | Method: GET | Endpoint: profile | User ID: guest
[2026-09-30 18:29:31] IP: ::1 | Method: POST | Endpoint: login | User ID: guest
[2026-09-30 18:29:31] IP: ::1 | Method: GET | Endpoint: profile | User ID: guest
[2026-09-30 18:29:32] IP: ::1 | Method: GET | Endpoint: courses | User ID: guest
[2026-09-30 18:29:33] IP: ::1 | Method: GET | Endpoint: examinations | User ID: guest
[2026-09-30 18:29:34] IP: ::1 | Method: GET | Endpoint: results | User ID: guest
[2026-09-30 18:29:35] IP: ::1 | Method: GET | Endpoint: results | User ID: guest
[2026-09-30 18:29:36] IP: ::1 | Method: GET | Endpoint: results | User ID: guest
[2026-09-30 18:29:37] IP: ::1 | Method: GET | Endpoint: results | User ID: guest
[2026-09-30 18:29:37] IP: ::1 | Method: GET | Endpoint: generate-qr | User ID: guest
[2026-09-30 18:29:59] IP: ::1 | Method: GET | Endpoint: verify/5 | User ID: guest
[2026-09-30 18:36:34] IP: ::1 | Method: GET | Endpoint: profile | User ID: guest
[2026-09-30 18:36:41] IP: ::1 | Method: POST | Endpoint: login | User ID: guest
[2026-09-30 18:36:41] IP: ::1 | Method: GET | Endpoint: profile | User ID: guest
[2026-09-30 18:36:43] IP: ::1 | Method: GET | Endpoint: courses | User ID: guest
[2026-09-30 18:36:44] IP: ::1 | Method: GET | Endpoint: examinations | User ID: guest
[2026-09-30 18:36:45] IP: ::1 | Method: GET | Endpoint: results | User ID: guest
[2026-09-30 18:36:46] IP: ::1 | Method: GET | Endpoint: results | User ID: guest
[2026-09-30 18:36:47] IP: ::1 | Method: GET | Endpoint: notifications | User ID: guest
[2026-09-30 18:36:48] IP: ::1 | Method: GET | Endpoint: examinations | User ID: guest
[2026-09-30 18:36:49] IP: ::1 | Method: GET | Endpoint: results | User ID: guest
[2026-09-30 18:36:53] IP: ::1 | Method: GET | Endpoint: results | User ID: guest
[2026-09-30 18:36:53] IP: ::1 | Method: GET | Endpoint: generate-qr | User ID: guest
[2026-09-30 18:37:02] IP: ::1 | Method: GET | Endpoint: verify/15 | User ID: guest
[2026-09-30 18:39:18] IP: ::1 | Method: GET | Endpoint: profile | User ID: guest
[2026-09-30 18:39:32] IP: ::1 | Method: GET | Endpoint: courses | User ID: guest
[2026-09-30 18:39:34] IP: ::1 | Method: GET | Endpoint: courses | User ID: guest
[2026-09-30 18:39:35] IP: ::1 | Method: GET | Endpoint: courses | User ID: guest
[2026-09-30 18:39:36] IP: ::1 | Method: GET | Endpoint: courses | User ID: guest
[2026-09-30 18:39:36] IP: ::1 | Method: GET | Endpoint: courses | User ID: guest
[2026-09-30 18:39:36] IP: ::1 | Method: GET | Endpoint: courses | User ID: guest
[2026-09-30 18:39:36] IP: ::1 | Method: GET | Endpoint: courses | User ID: guest
[2026-09-30 18:39:36] IP: ::1 | Method: GET | Endpoint: courses | User ID: guest
[2026-09-30 18:39:37] IP: ::1 | Method: GET | Endpoint: courses | User ID: guest
[2026-09-30 18:40:23] IP: ::1 | Method: POST | Endpoint: login | User ID: guest
[2026-09-30 18:40:34] IP: ::1 | Method: GET | Endpoint: courses | User ID: guest
[2026-09-30 18:40:34] IP: ::1 | Method: GET | Endpoint: courses | User ID: guest
[2026-09-30 18:40:34] IP: ::1 | Method: GET | Endpoint: courses | User ID: guest
[2026-09-30 18:40:34] IP: ::1 | Method: GET | Endpoint: courses | User ID: guest
[2026-09-30 18:40:34] IP: ::1 | Method: GET | Endpoint: courses | User ID: guest
[2026-09-30 18:40:35] IP: ::1 | Method: GET | Endpoint: courses | User ID: guest
[2026-09-30 18:40:35] IP: ::1 | Method: GET | Endpoint: courses | User ID: guest
[2026-09-30 18:40:35] IP: ::1 | Method: GET | Endpoint: courses | User ID: guest
[2026-09-30 18:40:35] IP: ::1 | Method: GET | Endpoint: courses | User ID: guest
[2026-09-30 18:40:35] IP: ::1 | Method: GET | Endpoint: courses | User ID: guest
[2026-09-30 18:40:57] IP: ::1 | Method: GET | Endpoint: profile | User ID: guest
[2026-09-30 18:41:01] IP: ::1 | Method: POST | Endpoint: login | User ID: guest
[2026-09-30 18:41:01] IP: ::1 | Method: GET | Endpoint: profile | User ID: guest
[2026-09-30 18:41:03] IP: ::1 | Method: GET | Endpoint: profile | User ID: guest
[2026-09-30 18:41:04] IP: ::1 | Method: GET | Endpoint: courses | User ID: guest
[2026-09-30 18:41:05] IP: ::1 | Method: GET | Endpoint: examinations | User ID: guest
[2026-09-30 18:41:07] IP: ::1 | Method: GET | Endpoint: results | User ID: guest
[2026-09-30 18:41:09] IP: ::1 | Method: GET | Endpoint: notifications | User ID: guest
[2026-09-30 18:41:09] IP: ::1 | Method: GET | Endpoint: students | User ID: guest
[2026-09-30 18:41:10] IP: ::1 | Method: GET | Endpoint: users | User ID: guest
[2026-09-30 18:41:12] IP: ::1 | Method: GET | Endpoint: notifications | User ID: guest
[2026-09-30 18:41:12] IP: ::1 | Method: GET | Endpoint: students | User ID: guest
[2026-09-30 18:41:14] IP: ::1 | Method: GET | Endpoint: profile | User ID: guest
[2026-09-30 18:41:25] IP: ::1 | Method: POST | Endpoint: login | User ID: guest
[2026-09-30 18:41:25] IP: ::1 | Method: GET | Endpoint: profile | User ID: guest
[2026-09-30 18:41:27] IP: ::1 | Method: GET | Endpoint: results | User ID: guest
[2026-09-30 18:41:29] IP: ::1 | Method: GET | Endpoint: results | User ID: guest
[2026-09-30 18:41:31] IP: ::1 | Method: GET | Endpoint: results | User ID: guest
[2026-09-30 18:41:31] IP: ::1 | Method: GET | Endpoint: generate-qr | User ID: guest
[2026-09-30 18:41:47] IP: ::1 | Method: GET | Endpoint: verify/5 | User ID: guest
[2026-09-30 18:55:33] IP: ::1 | Method: GET | Endpoint: verify/5 | User ID: guest
[2026-09-30 19:33:02] IP: ::1 | Method: POST | Endpoint: login | User ID: guest
[2026-09-30 19:33:29] IP: ::1 | Method: POST | Endpoint: login | User ID: guest
[2026-09-30 19:33:29] IP: ::1 | Method: GET | Endpoint: profile | User ID: guest
[2026-09-30 19:33:30] IP: ::1 | Method: GET | Endpoint: examinations | User ID: guest
[2026-09-30 19:33:31] IP: ::1 | Method: GET | Endpoint: results | User ID: guest
[2026-09-30 19:33:33] IP: ::1 | Method: GET | Endpoint: results | User ID: guest
[2026-09-30 19:33:33] IP: ::1 | Method: GET | Endpoint: generate-qr | User ID: guest
[2026-09-30 19:33:45] IP: ::1 | Method: GET | Endpoint: verify/16 | User ID: guest
